// Jest Snapshot v1, https://goo.gl/fbAQLP

exports[`user/List.vue Calls getTeams and displays teams 1`] = `
<div>
  <div>
    <div role="progressbar" aria-valuemin="0" aria-valuemax="100" class="v-progress-linear v-progress-linear--visible theme--light" style="height: 4px; display: none;" slot="progress">
      <div class="v-progress-linear__background" style="opacity: 0.3; left: 0%; width: 100%; background-color: rgb(77, 165, 170); border-color: #4da5aa;"></div>
      <div class="v-progress-linear__buffer"></div>
      <transition-stub name="fade-transition">
        <div class="v-progress-linear__indeterminate v-progress-linear__indeterminate--active">
          <div class="v-progress-linear__indeterminate long" style="background-color: rgb(77, 165, 170); border-color: #4da5aa;"></div>
          <div class="v-progress-linear__indeterminate short" style="background-color: rgb(77, 165, 170); border-color: #4da5aa;"></div>
        </div>
      </transition-stub>
    </div>
  </div>
  <div class="v-data-table v-data-table--has-top v-data-table--has-bottom theme--light">
    <header class="v-sheet theme--light v-toolbar v-toolbar--flat" style="height: 64px;">
      <div class="v-toolbar__content" style="height: 64px;">
        <div class="v-toolbar__title">Members</div> <span class="sub-title"> 2 members </span>
        <div class="spacer"></div>
        <div role="dialog" class="v-dialog__container">
          <!---->
        </div>
        <div role="button" aria-haspopup="true" aria-expanded="false" class="btn-add-member" style=""><svg viewBox="0 0 24 24" fill="none" stroke="currentColor" stroke-width="2" stroke-linecap="round" stroke-linejoin="round" class="icon icon-user-plus">
            <path d="M16 21v-2a4 4 0 0 0-4-4H5a4 4 0 0 0-4 4v2"></path>
            <circle cx="8.5" cy="7" r="4"></circle>
            <line x1="20" x2="20" y1="8" y2="14"></line>
            <line x1="23" x2="17" y1="11" y2="11"></line>
          </svg>
          Add Member
        </div>
        <div role="dialog" class="v-dialog__container">
          <!---->
        </div>
        <div role="dialog" class="v-dialog__container">
          <!---->
        </div>
      </div>
    </header>
    <div class="v-data-table__wrapper">
      <table>
        <colgroup>
          <col class="">
          <col class="">
          <col class="">
          <col class="">
          <col class="">
          <col class="">
          <col class="">
        </colgroup>
        <thead class="v-data-table-header">
          <tr>
            <th role="columnheader" scope="col" aria-label="Name" class="text-start"><span>Name</span></th>
            <th role="columnheader" scope="col" aria-label="Department: Not sorted. Activate to sort ascending." aria-sort="none" class="text-start sortable"><span>Department</span><i aria-hidden="true" class="v-icon notranslate v-data-table-header__icon mdi mdi-arrow-up theme--light" style="font-size: 18px;"></i></th>
            <th role="columnheader" scope="col" aria-label="Position: Not sorted. Activate to sort ascending." aria-sort="none" class="text-start sortable"><span>Position</span><i aria-hidden="true" class="v-icon notranslate v-data-table-header__icon mdi mdi-arrow-up theme--light" style="font-size: 18px;"></i></th>
            <th role="columnheader" scope="col" aria-label="Email: Not sorted. Activate to sort ascending." aria-sort="none" class="text-start sortable"><span>Email</span><i aria-hidden="true" class="v-icon notranslate v-data-table-header__icon mdi mdi-arrow-up theme--light" style="font-size: 18px;"></i></th>
            <th role="columnheader" scope="col" aria-label="Phone: Not sorted. Activate to sort ascending." aria-sort="none" class="text-start sortable"><span>Phone</span><i aria-hidden="true" class="v-icon notranslate v-data-table-header__icon mdi mdi-arrow-up theme--light" style="font-size: 18px;"></i></th>
            <th role="columnheader" scope="col" aria-label="Status: Not sorted. Activate to sort ascending." aria-sort="none" class="text-start sortable"><span>Status</span><i aria-hidden="true" class="v-icon notranslate v-data-table-header__icon mdi mdi-arrow-up theme--light" style="font-size: 18px;"></i></th>
            <th role="columnheader" scope="col" aria-label="Action" class="text-start"><span>Action</span></th>
          </tr>
        </thead>
        <thead>
          <tr class="v-data-table__progress">
            <th colspan="7" class="column">
              <div role="progressbar" aria-valuemin="0" aria-valuemax="100" class="v-progress-linear v-progress-linear--visible theme--light" style="height: 4px; display: none;" size="70" width="7">
                <div class="v-progress-linear__background" style="opacity: 0.3; left: 0%; width: 100%; background-color: rgb(56, 88, 89); border-color: #385859;"></div>
                <div class="v-progress-linear__buffer"></div>
                <transition-stub name="fade-transition">
                  <div class="v-progress-linear__indeterminate v-progress-linear__indeterminate--active">
                    <div class="v-progress-linear__indeterminate long" style="background-color: rgb(56, 88, 89); border-color: #385859;"></div>
                    <div class="v-progress-linear__indeterminate short" style="background-color: rgb(56, 88, 89); border-color: #385859;"></div>
                  </div>
                </transition-stub>
              </div>
            </th>
          </tr>
        </thead>
        <tbody>
          <tr class="">
            <td class="text-start">Wonho Lee</td>
            <td class="text-start">IT</td>
            <td class="text-start">Developer</td>
            <td class="text-start">wonho@workly.page</td>
            <td class="text-start">111-111-1111</td>
            <td class="text-start"><span class="v-chip theme--dark v-size--default online"><span class="v-chip__content"></span></span>
              In office
            </td>
            <td class="text-start">
              <div class="action-box"><svg viewBox="0 0 24 24" fill="none" stroke="currentColor" stroke-width="2" stroke-linecap="round" stroke-linejoin="round" class="icon-12 icon-user">
                  <path d="M20 21v-2a4 4 0 0 0-4-4H8a4 4 0 0 0-4 4v2"></path>
                  <circle cx="12" cy="7" r="4"></circle>
                </svg></div>
            </td>
          </tr>
          <tr class="">
            <td class="text-start">Hyewon Kim</td>
            <td class="text-start">IT</td>
            <td class="text-start">Developer</td>
            <td class="text-start">hyewon@workly.page</td>
            <td class="text-start">222-222-2222</td>
            <td class="text-start"><span class="v-chip theme--dark v-size--default other"><span class="v-chip__content"></span></span>
              Work from home
            </td>
            <td class="text-start">
              <div class="action-box"><svg viewBox="0 0 24 24" fill="none" stroke="currentColor" stroke-width="2" stroke-linecap="round" stroke-linejoin="round" class="icon-12 icon-user">
                  <path d="M20 21v-2a4 4 0 0 0-4-4H8a4 4 0 0 0-4 4v2"></path>
                  <circle cx="12" cy="7" r="4"></circle>
                </svg></div>
            </td>
          </tr>
        </tbody>
      </table>
    </div>
    <div class="v-data-footer">
      <div class="v-data-footer__select">Rows per page:<div class="v-input v-input--hide-details v-input--is-label-active v-input--is-dirty theme--light v-text-field v-select">
          <div class="v-input__control">
            <div role="button" aria-haspopup="listbox" aria-expanded="false" aria-owns="list-24" class="v-input__slot">
              <div class="v-select__slot">
                <div class="v-select__selections">
                  <div class="v-select__selection v-select__selection--comma">10</div><input aria-label="Rows per page:" id="input-24" readonly="readonly" type="text" aria-readonly="false" autocomplete="off">
                </div>
                <div class="v-input__append-inner">
                  <div class="v-input__icon v-input__icon--append"><i aria-hidden="true" class="v-icon notranslate mdi mdi-menu-down theme--light"></i></div>
                </div><input type="hidden" value="10">
              </div>
              <div class="v-menu">
                <!---->
              </div>
            </div>
          </div>
        </div>
      </div>
      <div class="v-data-footer__pagination">1-2 of 2</div>
      <div class="v-data-footer__icons-before"><button type="button" disabled="disabled" class="v-btn v-btn--disabled v-btn--icon v-btn--round v-btn--text theme--light v-size--default" aria-label="Previous page"><span class="v-btn__content"><i aria-hidden="true" class="v-icon notranslate mdi mdi-chevron-left theme--light"></i></span></button></div>
      <div class="v-data-footer__icons-after"><button type="button" disabled="disabled" class="v-btn v-btn--disabled v-btn--icon v-btn--round v-btn--text theme--light v-size--default" aria-label="Next page"><span class="v-btn__content"><i aria-hidden="true" class="v-icon notranslate mdi mdi-chevron-right theme--light"></i></span></button></div>
    </div>
  </div>
</div>
`;
