// Jest Snapshot v1, https://goo.gl/fbAQLP

exports[`init/Profile profile modal snapshot 1`] = `
<div aria-labelledby="modal-title" role="dialog" aria-modal="true" class="fixed inset-0 overflow-y-auto z-10">
  <div aria-hidden="true" class="modal-background"></div>
  <div class="modal">
    <div class="modal-content-sm"><span class="modal-close"><svg viewBox="0 0 24 24" fill="none" stroke="currentColor" stroke-width="2" stroke-linecap="round" stroke-linejoin="round" class="v-icon icon-x"><line x1="18" x2="6" y1="6" y2="18"></line><line x1="6" x2="18" y1="6" y2="18"></line></svg></span>
      <div class="modal-body">
        <div>
          <div class="profile-photo">
            <div class="header-no-avatar"><svg viewBox="0 0 24 24" fill="none" stroke="currentColor" stroke-width="2" stroke-linecap="round" stroke-linejoin="round" class="profile-no-icon icon-user">
                <path d="M20 21v-2a4 4 0 0 0-4-4H8a4 4 0 0 0-4 4v2"></path>
                <circle cx="12" cy="7" r="4"></circle>
              </svg></div> <img src="" class="profile-avatar" style="display: none;">
          </div>
          <div class="profile-top">
            <h3 id="profile-name" class="text-lg leading-6 font-medium text-gray-900">
              Hyewon Kim
            </h3>
            <div class="mt-0"><span class="
                  inline-block
                  bg-wk-defgray
                  rounded-sm
                  px-2
                  mr-2
                  text-white
                ">
                Admin
              </span>
              <p class="inline-block text-sm text-brand-defgray profile-position">
                Developer
              </p>
            </div>
          </div>
        </div>
        <div class="mt-8 text-sm">
          <div class="mb-3 inline-block w-full"><span class="w-18"><svg viewBox="0 0 24 24" fill="none" stroke="currentColor" stroke-width="2" stroke-linecap="round" stroke-linejoin="round" class="text-brand-defgray pv-icon icon-map-pin"><path d="M21 10c0 7-9 13-9 13s-9-6-9-13a9 9 0 0 1 18 0z"></path><circle cx="12" cy="10" r="3"></circle></svg></span> <span id="profile-status" class="ml-3 align-middle">
              In office
            </span></div>
          <div class="mb-3 inline-block w-full"><svg viewBox="0 0 24 24" fill="none" stroke="currentColor" stroke-width="2" stroke-linecap="round" stroke-linejoin="round" class="text-brand-defgray pv-icon icon-user">
              <path d="M20 21v-2a4 4 0 0 0-4-4H8a4 4 0 0 0-4 4v2"></path>
              <circle cx="12" cy="7" r="4"></circle>
            </svg> <span class="ml-3 align-middle"><span id="profile-department">IT</span> -
            <span class="profile-position">Developer</span></span>
          </div>
          <div class="mb-3 inline-block w-full"><svg viewBox="0 0 24 24" fill="none" stroke="currentColor" stroke-width="2" stroke-linecap="round" stroke-linejoin="round" class="text-brand-defgray pv-icon icon-mail">
              <path d="M4 4h16c1.1 0 2 .9 2 2v12c0 1.1-.9 2-2 2H4c-1.1 0-2-.9-2-2V6c0-1.1.9-2 2-2z"></path>
              <polyline points="22,6 12,13 2,6"></polyline>
            </svg> <span id="profile-email" class="ml-3 align-middle">
              hyewon@workly.page
            </span></div>
          <div class="mb-3 inline-block w-full"><svg viewBox="0 0 24 24" fill="none" stroke="currentColor" stroke-width="2" stroke-linecap="round" stroke-linejoin="round" class="text-brand-defgray pv-icon icon-phone">
              <path d="M22 16.92v3a2 2 0 0 1-2.18 2 19.79 19.79 0 0 1-8.63-3.07 19.5 19.5 0 0 1-6-6 19.79 19.79 0 0 1-3.07-8.67A2 2 0 0 1 4.11 2h3a2 2 0 0 1 2 1.72 12.84 12.84 0 0 0 .7 2.81 2 2 0 0 1-.45 2.11L8.09 9.91a16 16 0 0 0 6 6l1.27-1.27a2 2 0 0 1 2.11-.45 12.84 12.84 0 0 0 2.81.7A2 2 0 0 1 22 16.92z"></path>
            </svg> <span class="ml-3 align-middle">
              Ext.
              <span id="profile-phone-ext">222</span></span></div>
          <div class="mb-3 inline-block w-full"><svg viewBox="0 0 24 24" fill="none" stroke="currentColor" stroke-width="2" stroke-linecap="round" stroke-linejoin="round" class="text-brand-defgray pv-icon icon-smartphone">
              <rect x="5" y="2" width="14" height="20" rx="2" ry="2"></rect>
              <line x1="12" x2="12.01" y1="18" y2="18"></line>
            </svg> <span id="profile-phone" class="ml-3 align-middle">
              222-222-2222
            </span></div>
        </div>
      </div>
    </div>
  </div>
</div>
`;
