// Jest Snapshot v1, https://goo.gl/fbAQLP

exports[`init/Signin signin modal snapshot 1`] = `
<div aria-labelledby="modal-title" role="dialog" aria-modal="true" class="fixed inset-0 overflow-y-auto z-10">
  <div aria-hidden="true" class="init-modal-background"></div>
  <div class="modal">
    <div class="modal-content-sm">
      <div class="modal-header init-modal-header">
        <div class="w-1/10 bg-wk-gray-box px-2 rounded mr-2">w</div>
        <div class="w-9/10 text-base pt-1 font-semibold">
          Login to Your Workly Account
        </div>
      </div>
      <div class="modal-body">
        <form>
          <div><label for="username">Email</label> <input id="username" class="white-board-rounded"> <span class="text-red-700 ml-1" style="display: none;"></span></div>
          <div class="pt-2 relative">
            <div class="relative"><label for="password">Password</label> <input type="password" id="password" class="white-board-rounded">
              <div><svg viewBox="0 0 24 24" fill="none" stroke="currentColor" stroke-width="2" stroke-linecap="round" stroke-linejoin="round" class="input-icons cursor-pointer input-icon icon-eye-off" id="password-icon-eye-off" style="display: none;">
                  <path d="M17.94 17.94A10.07 10.07 0 0 1 12 20c-7 0-11-8-11-8a18.45 18.45 0 0 1 5.06-5.94M9.9 4.24A9.12 9.12 0 0 1 12 4c7 0 11 8 11 8a18.5 18.5 0 0 1-2.16 3.19m-6.72-1.07a3 3 0 1 1-4.24-4.24"></path>
                  <line x1="1" x2="23" y1="1" y2="23"></line>
                </svg></div>
              <div><svg viewBox="0 0 24 24" fill="none" stroke="currentColor" stroke-width="2" stroke-linecap="round" stroke-linejoin="round" class="input-icons cursor-pointer input-icon icon-eye" id="password-icon-eye">
                  <path d="M1 12s4-8 11-8 11 8 11 8-4 8-11 8-11-8-11-8z"></path>
                  <circle cx="12" cy="12" r="3"></circle>
                </svg></div>
            </div> <span class="text-red-700 ml-1" style="display: none;"></span>
          </div>
          <div class="
              text-red-700
              mt-4
              border border-red-700
              rounded
              w-full
              py-2
              px-3
            " style="display: none;">

          </div>
          <div class="pt-5"><button type="submit" class="btn-black-full">
              Login
            </button>
            <div class="spinner spinner--circle-2 mx-auto" style="width: 40px; height: 40px; border: 5px solid #41b883; border-top-color: #35495e; display: none;"></div>
          </div>
        </form>
        <div class="border-b border-solid border-gray-200 h-6 text-center"><span class="relative top-3 bg-white px-10">or</span></div>
        <div class="flex pt-6">
          <div class="w-1/2 pr-1"><button id="btn-quest" class="btn-border-black">
              Continue as a guest
            </button></div>
          <div class="w-1/2 pl-1"><button id="btn-code" class="btn-border-black">
              Continue with a code
            </button></div>
        </div>
      </div>
      <div class="modal-footer init-modal-footer">
        Already have an account?
        <span id="text-register" class="text-blue cursor-pointer underline font-semibold">Register</span>
      </div>
    </div>
  </div>
</div>
`;
