// Jest Snapshot v1, https://goo.gl/fbAQLP

exports[`init/Code code modal snapshot 1`] = `
<div aria-labelledby="modal-title" role="dialog" aria-modal="true" class="fixed inset-0 overflow-y-auto z-10">
  <div aria-hidden="true" class="init-modal-background"></div>
  <div class="modal">
    <div class="modal-content-xl">
      <div class="flex">
        <div class="w-7/12 bg-wk-dark p-14 text-white"><img src="" alt="workly logo" class="h-10">
          <p class="mt-3">
            We are all about the team. Organize projects, meetings, and individual schedules to get things done in time.
          </p>
          <div class="text-center mt-14"><img src="" alt="info"></div>
        </div>
        <div class="w-6/12 relative">
          <div class="modal-header"><img src="" alt="worlky small logo">
            <div class="modal-title">Unlock with Invite Code</div>
          </div>
          <div class="modal-body">
            <p>Please enter the 5-digit code your team sent to your email to join your team dashboard in workly.</p>
            <form>
              <div class="flex mt-6">
                <div class="w-1/6 px-1"><input type="text" maxlength="1" class="input-code"></div>
                <div class="w-1/6 px-1"><input type="text" maxlength="1" class="input-code"></div>
                <div class="w-1/6 px-1"><input type="text" maxlength="1" class="input-code"></div>
                <div class="w-1/6 px-1"><input type="text" maxlength="1" class="input-code"></div>
                <div class="w-1/6 px-1"><input type="text" maxlength="1" class="input-code"></div>
                <div class="w-1/6 px-1"><input type="text" maxlength="1" class="input-code"></div>
              </div>
              <div class="mt-7"><button id="btn-code-continue" class="btn-black-full">
                  Continue
                </button></div>
            </form>
          </div>
          <div class="modal-footer init-modal-footer">
            Don't have an invite code?
            <span id="text-register" class="text-blue cursor-pointer font-semibold underline">Register</span>
            |
            <span id="text-login" class="text-blue cursor-pointer font-semibold underline">Login</span>
          </div>
        </div>
      </div>
    </div>
  </div>
</div>
`;
