// Jest Snapshot v1, https://goo.gl/fbAQLP

exports[`init/Header code modal snapshot 1`] = `
<div class="modal-header"><img src="" alt="worlky small logo">
  <div class="modal-title">Login</div>
</div>
`;
