// Jest Snapshot v1, https://goo.gl/fbAQLP

exports[`init/Init init modal snapshot 1`] = `
<div aria-labelledby="modal-title" role="dialog" aria-modal="true" class="fixed inset-0 overflow-y-auto z-10">
  <div aria-hidden="true" class="init-modal-background"></div>
  <div class="modal">
    <div class="modal-content-sm">
      <div class="modal-body">
        <h2 class="text-lg pt-4 pb-8">Do you have an invite code?</h2>
        <div class="text-right flex">
          <div class="w-1/2 px-1"><button id="btn-no" class="btn-border-black">
              No
            </button></div>
          <div class="w-1/2 px-1"><button id="btn-yes" class="btn-border-black">
              Yes
            </button></div>
        </div>
      </div>
    </div>
  </div>
</div>
`;
