// Jest Snapshot v1, https://goo.gl/fbAQLP

exports[`init/Signin signin modal snapshot 1`] = `
<div aria-labelledby="modal-title" role="dialog" aria-modal="true" class="fixed inset-0 overflow-y-auto z-10">
  <div aria-hidden="true" class="init-modal-background"></div>
  <div class="modal">
    <div class="modal-content-xl">
      <div class="flex">
        <div class="w-7/12 bg-wk-dark p-14 text-white"><img src="" alt="workly logo" class="h-10">
          <p class="mt-3">
            We are all about the team. Organize projects, meetings, and individual
            schedules to get things done in time.
          </p>
          <div class="text-center mt-14"><img src="" alt="info"></div>
        </div>
        <div class="w-6/12 relative">
          <div class="modal-header"><img src="" alt="worlky small logo">
            <div class="modal-title">Login</div>
          </div>
          <div class="modal-body">
            <form>
              <div><label for="username">Email</label> <input id="username" class="white-board-rounded"> <span id="message-required-email" class="text-red-700 ml-1" style="display: none;"></span></div>
              <div class="pt-2 relative">
                <div class="relative"><label for="password">Password</label> <input type="password" id="password" class="white-board-rounded">
                  <div id="hide-plain-password" style="display: none;"><span class="input-icons cursor-pointer"> Hide </span></div>
                  <div id="show-plain-password"><span class="input-icons cursor-pointer"> Show </span></div>
                </div> <span id="message-required-password" class="text-red-700 ml-1" style="display: none;"></span>
              </div>
              <div class="
                  text-red-700
                  mt-4
                  border border-red-700
                  rounded
                  w-full
                  py-2
                  px-3
                " style="display: none;">

              </div>
              <div class="pt-5"><button type="submit" class="btn-black-full">
                  Login
                </button>
                <div class="spinner spinner--circle-2 mx-auto" style="width: 40px; height: 40px; border: 5px solid #41b883; border-top-color: #35495e; display: none;"></div>
              </div>
            </form>
            <div class="border-b border-solid border-gray-200 h-6 text-center"><span class="relative top-3 bg-white px-10">or</span></div>
            <div class="flex pt-6">
              <div class="w-1/2 pr-1"><button id="btn-quest" class="btn-border-black">
                  Continue as a guest
                </button></div>
              <div class="w-1/2 pl-1"><button id="btn-code" class="btn-border-black">
                  Continue with a code
                </button></div>
            </div>
          </div>
          <div class="modal-footer init-modal-footer">
            Already have an account?
            <span id="text-register" class="text-blue cursor-pointer underline font-semibold">Register</span>
          </div>
        </div>
      </div>
    </div>
  </div>
</div>
`;
